/*---------------------------------------------------------------------------*\
| =========                 |                                                 |
| \\      /  F ield         | OpenFOAM: The Open Source CFD Toolbox           |
|  \\    /   O peration     | Version:  2312                                  |
|   \\  /    A nd           | Website:  www.openfoam.com                      |
|    \\/     M anipulation  |                                                 |
\*---------------------------------------------------------------------------*/
Build  : _9a9aeb73-20260127 OPENFOAM=2312 patch=260127 version=2312
Arch   : "LSB;label=32;scalar=64"
Exec   : checkMesh -constant
Date   : Mar 04 2026
Time   : 22:57:21
Host   : biorobpc14
PID    : 51745
I/O    : uncollated
Case   : /data/andreaferrario/lilytorch/lilytorch/farms_examples/_1guillasim/precice_coupling/openfoam_case
nProcs : 1
trapFpe: Floating point exception trapping enabled (FOAM_SIGFPE).
fileModificationChecking : Monitoring run-time modified files using timeStampMaster (fileModificationSkew 5, maxFileModificationPolls 20)
allowSystemOperations : Allowing user-supplied system call operations

// * * * * * * * * * * * * * * * * * * * * * * * * * * * * * * * * * * * * * //
Create time

Create mesh for time = constant

Check mesh...

Time = constant

Mesh stats 
    points:           2071142
    faces:            5280835
    internal faces:   4739815
    cells:            1615321
    faces per cell:   6.2035038
    boundary patches: 7
    point zones:      1
    face zones:       0
    cell zones:       0

Overall number of cells of each type:
    hexahedra:     1422355
    prisms:        40103
    wedges:        0
    pyramids:      0
    tet wedges:    982
    tetrahedra:    3
    polyhedra:     151878
    Breakdown of polyhedra by number of faces:
        faces   number of cells
            4   8223
            5   12514
            6   28740
            7   227
            8   162
            9   78427
           10   49
           11   89
           12   17056
           13   22
           14   36
           15   5162
           16   6
           17   7
           18   1153
           21   5

Checking topology...
    Boundary definition OK.
    Cell to face addressing OK.
    Point usage OK.
    Upper triangular ordering OK.
    Face vertices OK.
    Number of regions: 1 (OK).

Checking patch topology for multiply connected surfaces...
                   Patch    Faces   Points  Surface topology
                   inlet     1200     1301  ok (non-closed singly connected)
                  outlet     1200     1301  ok (non-closed singly connected)
                     top     2400     2651  ok (non-closed singly connected)
                  bottom     2400     2651  ok (non-closed singly connected)
                   front    28800    29361  ok (non-closed singly connected)
                    back    28800    29361  ok (non-closed singly connected)
                 swimmer   476220   490983  multiply connected (shared edge)
                    ".*"   541020   556285  multiply connected (shared edge)

Detected 1 bad edges (possibly relevant for finite-area)

Checking faceZone topology for multiply connected surfaces...
    No faceZones found.
  <<Writing 2 conflicting points to set nonManifoldPoints

Checking basic cellZone addressing...
    No cellZones found.

Checking basic pointZone addressing...
               PointZone  PointsBoundingBox
            frozenPoints       0(1e+150 1e+150 1e+150) (-1e+150 -1e+150 -1e+150)

Checking geometry...
    Overall domain bounding box (-0.9 -0.3 0.1) (1.5 0.3 0.3)
    Mesh has 3 geometric (non-empty/wedge) directions (1 1 1)
    Mesh has 3 solution (non-empty) directions (1 1 1)
    Boundary openness (2.0143026e-16 6.3959004e-16 -1.0693946e-14) OK.
    Max cell openness = 3.4102207e-16 OK.
    Max aspect ratio = 16.813344 OK.
    Minimum face area = 9.5719446e-09. Maximum face area = 0.0002003689.  Face area magnitudes OK.
    Min volume = 2.6022369e-11. Max volume = 2.0038083e-06.  Total volume = 0.28738982.  Cell volumes OK.
    Mesh non-orthogonality Max: 64.999995 average: 10.51312
    Non-orthogonality check OK.
    Face pyramids OK.
 ***Max skewness = 7.3007295, 12 highly skew faces detected which may impair the quality of the results
  <<Writing 12 skew faces to set skewFaces
    Coupled point location match (average 0) OK.

Failed 1 mesh checks.

End

